  正在确定要还原的项目…
  所有项目均是最新的，无法还原。
  material_box_storage_detection_system_Net -> D:\Pro\material_box_storage_detection_system_Net\bin\Debug\net8.0-windows7.0\material_box_storage_detection_system_Net.dll

已成功生成。
    0 个警告
    0 个错误

已用时间 00:00:01.01
